test
+- run test diosix-unit-tests
   +- compile test diosix-unit-tests Debug native 1 errors
hypervisor/core/guest.zig:241:41: error: no field or member function named 'fork' in 'vcore.VirtualCore'
            const vc = try node.contents.fork(child);
                           ~~~~~~~~~~~~~^~~~~
hypervisor/core/vcore.zig:22:25: note: struct declared here
pub const VirtualCore = struct {
                        ^~~~~~
hypervisor/core/guest.zig:241:41: note: method invocation only supports up to one level of implicit pointer dereferencing
hypervisor/core/guest.zig:241:41: note: use '.*' to dereference pointer
referenced by:
    test.guest fork and memory sharing: hypervisor/core/guest.zig:265:34
    guest: hypervisor/core/main.zig:17:23
    2 reference(s) hidden; use '-freference-trace=4' to see all references
error: 1 compilation errors
failed command: /home/chris/Documents/src/zig/build/stage3/bin/zig test -ODebug --dep metadata -Mroot=/home/chris/Documents/src/diosix-hq/diosix/hypervisor/core/main.zig -Mmetadata=.zig-cache/c/df9051a925c7f046ca03dfaf9b604929/options.zig --cache-dir .zig-cache --global-cache-dir /home/chris/.cache/zig --name diosix-unit-tests --zig-lib-dir /home/chris/Documents/src/zig/build/stage3/lib/zig/ --listen=-

Build Summary: 1/4 steps succeeded (1 failed)
test transitive failure
+- run test diosix-unit-tests transitive failure
   +- compile test diosix-unit-tests Debug native 1 errors
      +- options success

error: the following build command failed with exit code 1:
.zig-cache/o/404fade50acd03ec08a07f300e2fcdb0/build /home/chris/Documents/src/zig/build/stage3/bin/zig /home/chris/Documents/src/zig/build/stage3/lib/zig /home/chris/Documents/src/diosix-hq/diosix .zig-cache /home/chris/.cache/zig --seed 0x7c2c0497 -Z13bc8d7d10f4c9e7 test --summary all
